LTspice 26.0.1 for Windows
Circuit: Z:\home\frohro\Classes\Intro to Engineering\2026\Intro-to-CAD-2026\Frohne\Docs\TayloeDetectorAmplifier_Balanced_2026-1.net
Start Time: Thu Jun 25 08:27:17 2026
solver = Normal
Maximum thread count: 8
tnom = 27
temp = 27
method = Gear
Z:\home\frohro\Classes\Intro to Engineering\2026\Intro-to-CAD-2026\Frohne\Docs\TayloeDetectorAmplifier_Balanced_2026-1.net(9): Limiting rise time to 2.52525e-08.

V1 V_0_deg 0 PULSE(0 1 0 0 0 {SW_time} {4*SW_time})
^^^^^^^^^^^^^^^^^^^^^^^^^^^^^^^^^^^^^^^^^^^^^^^^^^^
Z:\home\frohro\Classes\Intro to Engineering\2026\Intro-to-CAD-2026\Frohne\Docs\TayloeDetectorAmplifier_Balanced_2026-1.net(9): Limiting fall time to 2.52525e-08.

V1 V_0_deg 0 PULSE(0 1 0 0 0 {SW_time} {4*SW_time})
^^^^^^^^^^^^^^^^^^^^^^^^^^^^^^^^^^^^^^^^^^^^^^^^^^^
Z:\home\frohro\Classes\Intro to Engineering\2026\Intro-to-CAD-2026\Frohne\Docs\TayloeDetectorAmplifier_Balanced_2026-1.net(10): Limiting rise time to 2.52525e-08.

V2 V_90_deg 0 PULSE(0 1 {SW_time} 0 0 {SW_time} {4*SW_time})
^^^^^^^^^^^^^^^^^^^^^^^^^^^^^^^^^^^^^^^^^^^^^^^^^^^^^^^^^^^^
Z:\home\frohro\Classes\Intro to Engineering\2026\Intro-to-CAD-2026\Frohne\Docs\TayloeDetectorAmplifier_Balanced_2026-1.net(10): Limiting fall time to 2.52525e-08.

V2 V_90_deg 0 PULSE(0 1 {SW_time} 0 0 {SW_time} {4*SW_time})
^^^^^^^^^^^^^^^^^^^^^^^^^^^^^^^^^^^^^^^^^^^^^^^^^^^^^^^^^^^^
Z:\home\frohro\Classes\Intro to Engineering\2026\Intro-to-CAD-2026\Frohne\Docs\TayloeDetectorAmplifier_Balanced_2026-1.net(11): Limiting rise time to 2.52525e-08.

V6 V_180_deg 0 PULSE(0 1 {2*SW_time} 0 0{SW_time} {4*SW_time})
^^^^^^^^^^^^^^^^^^^^^^^^^^^^^^^^^^^^^^^^^^^^^^^^^^^^^^^^^^^^^^
Z:\home\frohro\Classes\Intro to Engineering\2026\Intro-to-CAD-2026\Frohne\Docs\TayloeDetectorAmplifier_Balanced_2026-1.net(11): Limiting fall time to 2.52525e-08.

V6 V_180_deg 0 PULSE(0 1 {2*SW_time} 0 0{SW_time} {4*SW_time})
^^^^^^^^^^^^^^^^^^^^^^^^^^^^^^^^^^^^^^^^^^^^^^^^^^^^^^^^^^^^^^
Z:\home\frohro\Classes\Intro to Engineering\2026\Intro-to-CAD-2026\Frohne\Docs\TayloeDetectorAmplifier_Balanced_2026-1.net(12): Limiting rise time to 2.52525e-08.

V7 V_270_deg 0 PULSE(0 1 {3*SW_time} 0 0 {SW_time} {4*SW_time})
^^^^^^^^^^^^^^^^^^^^^^^^^^^^^^^^^^^^^^^^^^^^^^^^^^^^^^^^^^^^^^^
Z:\home\frohro\Classes\Intro to Engineering\2026\Intro-to-CAD-2026\Frohne\Docs\TayloeDetectorAmplifier_Balanced_2026-1.net(12): Limiting fall time to 2.52525e-08.

V7 V_270_deg 0 PULSE(0 1 {3*SW_time} 0 0 {SW_time} {4*SW_time})
^^^^^^^^^^^^^^^^^^^^^^^^^^^^^^^^^^^^^^^^^^^^^^^^^^^^^^^^^^^^^^^
Direct Newton iteration succeeded in finding operating point.
Total elapsed time: 3.654 seconds.

Files loaded:
Z:\home\frohro\Classes\Intro to Engineering\2026\Intro-to-CAD-2026\Frohne\Docs\TayloeDetectorAmplifier_Balanced_2026-1.net
C:\users\frohro\AppData\Local\LTspice\lib\sub\UniversalOpAmp1.lib
C:\users\frohro\AppData\Local\LTspice\lib\sub\UniversalOpAmp2.lib

